
Map of Debug\sr_modle.sm8 from link file Debug\sr_modle.lkf - Fri Nov 27 23:16:05 2015


                               --------
                               Segments
                               --------

start 00008080 end 00008080 length     0 segment .const
start 00008089 end 000082a0 length   535 segment .text
start 00004000 end 00004000 length     0 segment .eeprom
start 00000000 end 00000001 length     1 segment .bsct, initialized
start 00008088 end 00008089 length     1 segment .bsct, from
start 00000001 end 0000000a length     9 segment .ubsct
start 0000000a end 0000000a length     0 segment .bit
start 0000000a end 0000000a length     0 segment .share
start 00000100 end 00000100 length     0 segment .data
start 00000100 end 00000100 length     0 segment .bss
start 00000000 end 00000603 length  1539 segment .info.
start 00000000 end 00003752 length 14162 segment .debug
start 00008000 end 00008080 length   128 segment .const
start 00008080 end 00008088 length     8 segment .init


                               -------
                               Modules
                               -------

C:\Program Files (x86)\COSMIC\32K_Compilers\CXSTM8\Lib\crtsi0.sm8:
start 00008089 end 000080d9 length    80 section .text
start 00000100 end 00000100 length     0 section .bss
start 00000001 end 00000001 length     0 section .ubsct
start 00000000 end 0000002f length    47 section .info.

Debug\main.o:
start 00000000 end 00000001 length     1 section .bsct
start 00000001 end 00000002 length     1 section .ubsct
start 00000000 end 00000280 length   640 section .debug
start 0000002f end 000000ba length   139 section .info.
start 000080d9 end 000080da length     1 section .text
start 000080da end 000080e3 length     9 section .text
start 000080e3 end 000080ee length    11 section .text
start 000080ee end 00008105 length    23 section .text
start 00008105 end 00008132 length    45 section .text
start 00008132 end 0000813a length     8 section .text
start 0000813a end 00008151 length    23 section .text

Debug\stm8s_it.o:
start 00000280 end 0000086b length  1515 section .debug
start 000000ba end 00000149 length   143 section .info.
start ******** end ******** length     0 section .text *** removed ***
start ******** end ******** length     0 section .text *** removed ***
start ******** end ******** length     0 section .text *** removed ***
start ******** end ******** length     0 section .text *** removed ***
start ******** end ******** length     0 section .text *** removed ***
start ******** end ******** length     0 section .text *** removed ***
start ******** end ******** length     0 section .text *** removed ***
start ******** end ******** length     0 section .text *** removed ***
start ******** end ******** length     0 section .text *** removed ***
start ******** end ******** length     0 section .text *** removed ***
start ******** end ******** length     0 section .text *** removed ***
start ******** end ******** length     0 section .text *** removed ***
start ******** end ******** length     0 section .text *** removed ***
start ******** end ******** length     0 section .text *** removed ***
start ******** end ******** length     0 section .text *** removed ***
start ******** end ******** length     0 section .text *** removed ***
start ******** end ******** length     0 section .text *** removed ***
start ******** end ******** length     0 section .text *** removed ***
start 00008151 end 0000817a length    41 section .text
start ******** end ******** length     0 section .text *** removed ***

Debug\stm8s_clk.o:
start 0000086b end 00001eda length  5743 section .debug
start 00000149 end 000001d9 length   144 section .info.
start ******** end ******** length     0 section .const *** removed ***
start 0000817a end 000081b0 length    54 section .text
start ******** end ******** length     0 section .text *** removed ***
start ******** end ******** length     0 section .text *** removed ***
start ******** end ******** length     0 section .text *** removed ***
start ******** end ******** length     0 section .text *** removed ***
start ******** end ******** length     0 section .text *** removed ***
start ******** end ******** length     0 section .text *** removed ***
start ******** end ******** length     0 section .text *** removed ***
start ******** end ******** length     0 section .text *** removed ***
start ******** end ******** length     0 section .text *** removed ***
start ******** end ******** length     0 section .text *** removed ***
start ******** end ******** length     0 section .text *** removed ***
start ******** end ******** length     0 section .text *** removed ***
start 000081b0 end 000081d7 length    39 section .text
start ******** end ******** length     0 section .text *** removed ***
start ******** end ******** length     0 section .text *** removed ***
start ******** end ******** length     0 section .text *** removed ***
start ******** end ******** length     0 section .text *** removed ***
start ******** end ******** length     0 section .text *** removed ***
start ******** end ******** length     0 section .text *** removed ***
start ******** end ******** length     0 section .text *** removed ***
start ******** end ******** length     0 section .text *** removed ***
start ******** end ******** length     0 section .text *** removed ***

Debug\stm8s_gpio.o:
start 00001eda end 000028e4 length  2570 section .debug
start 000001d9 end 0000026a length   145 section .info.
start ******** end ******** length     0 section .text *** removed ***
start 000081d7 end 00008228 length    81 section .text
start ******** end ******** length     0 section .text *** removed ***
start 00008228 end 0000822f length     7 section .text
start 0000822f end 00008237 length     8 section .text
start ******** end ******** length     0 section .text *** removed ***
start ******** end ******** length     0 section .text *** removed ***
start ******** end ******** length     0 section .text *** removed ***
start ******** end ******** length     0 section .text *** removed ***
start ******** end ******** length     0 section .text *** removed ***

Debug\stm8s_tim4.o:
start 000028e4 end 0000349b length  2999 section .debug
start 0000026a end 000002fb length   145 section .info.
start ******** end ******** length     0 section .text *** removed ***
start 00008237 end 00008240 length     9 section .text
start 00008240 end 0000824d length    13 section .text
start 0000824d end 00008263 length    22 section .text
start ******** end ******** length     0 section .text *** removed ***
start ******** end ******** length     0 section .text *** removed ***
start ******** end ******** length     0 section .text *** removed ***
start ******** end ******** length     0 section .text *** removed ***
start ******** end ******** length     0 section .text *** removed ***
start ******** end ******** length     0 section .text *** removed ***
start ******** end ******** length     0 section .text *** removed ***
start ******** end ******** length     0 section .text *** removed ***
start ******** end ******** length     0 section .text *** removed ***
start ******** end ******** length     0 section .text *** removed ***
start ******** end ******** length     0 section .text *** removed ***
start 00008263 end 00008268 length     5 section .text
start ******** end ******** length     0 section .text *** removed ***
start 00008268 end 0000826d length     5 section .text

Debug\indicator_light.o:
start 00000002 end 00000004 length     2 section .ubsct
start 0000349b end 000035e7 length   332 section .debug
start 000002fb end 00000391 length   150 section .info.
start 0000826d end 00008279 length    12 section .text
start 00008279 end 0000829f length    38 section .text

(C:\Program Files (x86)\COSMIC\32K_Compilers\CXSTM8\Lib\libm0.sm8)lreg.o:
start ******** end ******** length     0 section .ubsct *** removed ***
start 00000391 end 000003bf length    46 section .info.

(C:\Program Files (x86)\COSMIC\32K_Compilers\CXSTM8\Lib\libm0.sm8)ltor.o:
start ******** end ******** length     0 section .text *** removed ***
start 000003bf end 000003ed length    46 section .info.

(C:\Program Files (x86)\COSMIC\32K_Compilers\CXSTM8\Lib\libm0.sm8)ludiv.o:
start ******** end ******** length     0 section .text *** removed ***
start 000003ed end 0000041c length    47 section .info.

(C:\Program Files (x86)\COSMIC\32K_Compilers\CXSTM8\Lib\libm0.sm8)ldiv.o:
start ******** end ******** length     0 section .text *** removed ***
start 0000041c end 0000044a length    46 section .info.

(C:\Program Files (x86)\COSMIC\32K_Compilers\CXSTM8\Lib\libm0.sm8)lgneg.o:
start ******** end ******** length     0 section .text *** removed ***
start 0000044a end 00000479 length    47 section .info.

(C:\Program Files (x86)\COSMIC\32K_Compilers\CXSTM8\Lib\libm0.sm8)lneg.o:
start ******** end ******** length     0 section .text *** removed ***
start 00000479 end 000004a7 length    46 section .info.

(C:\Program Files (x86)\COSMIC\32K_Compilers\CXSTM8\Lib\libm0.sm8)rtol.o:
start ******** end ******** length     0 section .text *** removed ***
start 000004a7 end 000004d5 length    46 section .info.

(C:\Program Files (x86)\COSMIC\32K_Compilers\CXSTM8\Lib\libm0.sm8)xreg.o:
start 00000004 end 00000007 length     3 section .ubsct
start 000004d5 end 00000503 length    46 section .info.

(C:\Program Files (x86)\COSMIC\32K_Compilers\CXSTM8\Lib\libm0.sm8)yreg.o:
start 00000007 end 0000000a length     3 section .ubsct
start 00000503 end 00000531 length    46 section .info.

Debug\stm8_interrupt_vector.o:
start 000035e7 end 00003752 length   363 section .debug
start 00000531 end 000005cd length   156 section .info.
start 0000829f end 000082a0 length     1 section .text
start 00008000 end 00008080 length   128 section .const


                             -----------
                             Stack usage
                             -----------

Debug\indicator_light.o:
_Indicator_Init                 8   (2)
_Indicator_Running              7   (2)

Debug\main.o:
_CLK_Config                     5   (2)
_GPIO_Config_SystemOn           8   (2)
_Tasks_1ms_TimeCritical         2   (2)
_TimeCounters_10ms              2   (2)
_TimeCounters_1ms               2   (2)
_Timer_Config                   6   (2)
_main                      >   10   (2)

Debug\stm8_interrupt_vector.o:
f_NonHandledInterrupt      >    6   (6)

Debug\stm8s_clk.o:
_CLK_DeInit                     2   (2)
_CLK_SYSCLKConfig               3   (3)

Debug\stm8s_gpio.o:
_GPIO_Init                      6   (6)
_GPIO_WriteHigh                 5   (5)
_GPIO_WriteLow                  5   (5)

Debug\stm8s_it.o:
f_TIM4_UPD_OVF_IRQHandler  >   14   (12)

Debug\stm8s_tim4.o:
_TIM4_ClearFlag                 2   (2)
_TIM4_ClearITPendingBit         2   (2)
_TIM4_Cmd                       2   (2)
_TIM4_ITConfig                  4   (4)
_TIM4_TimeBaseInit              2   (2)

Stack size: 24


                              ---------
                              Call tree
                              ---------
   1 > __stext: (0)

   2 > _main: (2)
   3      + _CLK_Config: (2)
   4      |    + _CLK_DeInit: (2)
   5      |    + _CLK_SYSCLKConfig: (3)
          | 
   6      + _GPIO_Config_SystemOn: (2)
   7      |    + _GPIO_Init: (6)
          | 
   8      + _Indicator_Init: (2)
   9      |    + _GPIO_Init --> 7
          | 
  10      + _Indicator_Running: (2)
  11      |    + _GPIO_WriteHigh: (5)
  12      |    + _GPIO_WriteLow: (5)
          | 
  13      + _TimeCounters_10ms: (2)
  14      + _TimeCounters_1ms: (2)
  15      + _Timer_Config: (2)
  16      |    + _TIM4_ClearFlag: (2)
  17      |    + _TIM4_Cmd: (2)
  18      |    + _TIM4_ITConfig: (4)
  19      |    + _TIM4_TimeBaseInit: (2)
          | 
       
  20 > f_NonHandledInterrupt: (6)

  21 > f_TIM4_UPD_OVF_IRQHandler: (12)
  22      + _TIM4_ClearITPendingBit: (2)
  23      + _Tasks_1ms_TimeCritical: (2)
       
  24   _CLK_Config --> 3

  25   _CLK_DeInit --> 4

  26   _CLK_SYSCLKConfig --> 5

  27   _GPIO_Config_SystemOn --> 6

  28   _GPIO_Init --> 7

  29   _GPIO_WriteHigh --> 11

  30   _GPIO_WriteLow --> 12

  31   _Indicator_Init --> 8

  32   _Indicator_Running --> 10

  33   _TIM4_ClearFlag --> 16

  34   _TIM4_ClearITPendingBit --> 22

  35   _TIM4_Cmd --> 17

  36   _TIM4_ITConfig --> 18

  37   _TIM4_TimeBaseInit --> 19

  38   _Tasks_1ms_TimeCritical --> 23

  39   _TimeCounters_10ms --> 13

  40   _TimeCounters_1ms --> 14

  41   _Timer_Config --> 15



                               -------
                               Symbols
                               -------

_CLKPrescTable                      ********   *** removed from Debug\stm8s_clk.o ***
_CLK_AdjustHSICalibrationValue      ********   *** removed from Debug\stm8s_clk.o ***
_CLK_CCOCmd                         ********   *** removed from Debug\stm8s_clk.o ***
_CLK_CCOConfig                      ********   *** removed from Debug\stm8s_clk.o ***
_CLK_ClearITPendingBit              ********   *** removed from Debug\stm8s_clk.o ***
_CLK_ClockSecuritySystemEnable      ********   *** removed from Debug\stm8s_clk.o ***
_CLK_ClockSwitchCmd                 ********   *** removed from Debug\stm8s_clk.o ***
_CLK_ClockSwitchConfig              ********   *** removed from Debug\stm8s_clk.o ***
_CLK_Config                         00008132   defined in Debug\main.o section .text
_CLK_DeInit                         0000817a   defined in Debug\stm8s_clk.o section .text
                                               used in Debug\main.o
_CLK_FastHaltWakeUpCmd              ********   *** removed from Debug\stm8s_clk.o ***
_CLK_GetClockFreq                   ********   *** removed from Debug\stm8s_clk.o ***
_CLK_GetFlagStatus                  ********   *** removed from Debug\stm8s_clk.o ***
_CLK_GetITStatus                    ********   *** removed from Debug\stm8s_clk.o ***
_CLK_GetSYSCLKSource                ********   *** removed from Debug\stm8s_clk.o ***
_CLK_HSECmd                         ********   *** removed from Debug\stm8s_clk.o ***
_CLK_HSICmd                         ********   *** removed from Debug\stm8s_clk.o ***
_CLK_HSIPrescalerConfig             ********   *** removed from Debug\stm8s_clk.o ***
_CLK_ITConfig                       ********   *** removed from Debug\stm8s_clk.o ***
_CLK_LSICmd                         ********   *** removed from Debug\stm8s_clk.o ***
_CLK_PeripheralClockConfig          ********   *** removed from Debug\stm8s_clk.o ***
_CLK_SWIMConfig                     ********   *** removed from Debug\stm8s_clk.o ***
_CLK_SYSCLKConfig                   000081b0   defined in Debug\stm8s_clk.o section .text
                                               used in Debug\main.o
_CLK_SYSCLKEmergencyClear           ********   *** removed from Debug\stm8s_clk.o ***
_CLK_SlowActiveHaltWakeUpCmd        ********   *** removed from Debug\stm8s_clk.o ***
_GPIO_Config_SystemOn               00008105   defined in Debug\main.o section .text
_GPIO_DeInit                        ********   *** removed from Debug\stm8s_gpio.o ***
_GPIO_ExternalPullUpConfig          ********   *** removed from Debug\stm8s_gpio.o ***
_GPIO_Init                          000081d7   defined in Debug\stm8s_gpio.o section .text
                                               used in Debug\main.o
                                                       Debug\indicator_light.o
_GPIO_ReadInputData                 ********   *** removed from Debug\stm8s_gpio.o ***
_GPIO_ReadInputPin                  ********   *** removed from Debug\stm8s_gpio.o ***
_GPIO_ReadOutputData                ********   *** removed from Debug\stm8s_gpio.o ***
_GPIO_Write                         ********   *** removed from Debug\stm8s_gpio.o ***
_GPIO_WriteHigh                     00008228   defined in Debug\stm8s_gpio.o section .text
                                               used in Debug\indicator_light.o
_GPIO_WriteLow                      0000822f   defined in Debug\stm8s_gpio.o section .text
                                               used in Debug\indicator_light.o
_GPIO_WriteReverse                  ********   *** removed from Debug\stm8s_gpio.o ***
_HSIDivFactor                       ********   *** removed from Debug\stm8s_clk.o ***
_Indcator_cnt                       00000003   defined in Debug\indicator_light.o section .ubsct
                                               used in Debug\main.o
_Indicator_Init                     0000826d   defined in Debug\indicator_light.o section .text
                                               used in Debug\main.o
_Indicator_Running                  00008279   defined in Debug\indicator_light.o section .text
                                               used in Debug\main.o
_TCnt_10ms                          00000001   defined in Debug\main.o section .ubsct
_TIM4_ARRPreloadConfig              ********   *** removed from Debug\stm8s_tim4.o ***
_TIM4_ClearFlag                     00008263   defined in Debug\stm8s_tim4.o section .text
                                               used in Debug\main.o
_TIM4_ClearITPendingBit             00008268   defined in Debug\stm8s_tim4.o section .text
                                               used in Debug\stm8s_it.o
_TIM4_Cmd                           00008240   defined in Debug\stm8s_tim4.o section .text
                                               used in Debug\main.o
_TIM4_DeInit                        ********   *** removed from Debug\stm8s_tim4.o ***
_TIM4_GenerateEvent                 ********   *** removed from Debug\stm8s_tim4.o ***
_TIM4_GetCounter                    ********   *** removed from Debug\stm8s_tim4.o ***
_TIM4_GetFlagStatus                 ********   *** removed from Debug\stm8s_tim4.o ***
_TIM4_GetITStatus                   ********   *** removed from Debug\stm8s_tim4.o ***
_TIM4_GetPrescaler                  ********   *** removed from Debug\stm8s_tim4.o ***
_TIM4_ITConfig                      0000824d   defined in Debug\stm8s_tim4.o section .text
                                               used in Debug\main.o
_TIM4_PrescalerConfig               ********   *** removed from Debug\stm8s_tim4.o ***
_TIM4_SelectOnePulseMode            ********   *** removed from Debug\stm8s_tim4.o ***
_TIM4_SetAutoreload                 ********   *** removed from Debug\stm8s_tim4.o ***
_TIM4_SetCounter                    ********   *** removed from Debug\stm8s_tim4.o ***
_TIM4_TimeBaseInit                  00008237   defined in Debug\stm8s_tim4.o section .text
                                               used in Debug\main.o
_TIM4_UpdateDisableConfig           ********   *** removed from Debug\stm8s_tim4.o ***
_TIM4_UpdateRequestConfig           ********   *** removed from Debug\stm8s_tim4.o ***
_Tasks_1ms_TimeCritical             000080d9   defined in Debug\main.o section .text
                                               used in Debug\stm8s_it.o
_TimeCounters_10ms                  000080e3   defined in Debug\main.o section .text
_TimeCounters_1ms                   000080da   defined in Debug\main.o section .text
_Timebase_cnt                       00000000   defined in Debug\main.o section .bsct, initialized
                                               used in Debug\stm8s_it.o
_Timer_Config                       0000813a   defined in Debug\main.o section .text
__endmem                            000001ff   defined in command file
                                               *** not used ***
__endzp                             0000000a   defined in command file section .ubsct
                                               used in C:\Program Files (x86)\COSMIC\32K_Compilers\CXSTM8\Lib\crtsi0.sm8
__idesc__                           00008080   defined in linker section .init
                                               used in C:\Program Files (x86)\COSMIC\32K_Compilers\CXSTM8\Lib\crtsi0.sm8
__memory                            00000100   defined in command file section .bss
                                               used in C:\Program Files (x86)\COSMIC\32K_Compilers\CXSTM8\Lib\crtsi0.sm8
__stack                             000003ff   defined in command file
                                               used in C:\Program Files (x86)\COSMIC\32K_Compilers\CXSTM8\Lib\crtsi0.sm8
__startmem                          00000100   defined in command file section .bss
                                               *** not used ***
__stext                             00008089   defined in C:\Program Files (x86)\COSMIC\32K_Compilers\CXSTM8\Lib\crtsi0.sm8 section .text
                                               used in Debug\stm8_interrupt_vector.o
__vectab                            00008000   defined in Debug\stm8_interrupt_vector.o section .const
_exit                               000080d7   defined in C:\Program Files (x86)\COSMIC\32K_Compilers\CXSTM8\Lib\crtsi0.sm8 section .text
_main                               000080ee   defined in Debug\main.o section .text
                                               used in C:\Program Files (x86)\COSMIC\32K_Compilers\CXSTM8\Lib\crtsi0.sm8
c_divsl                             ********   *** removed from (C:\Program Files (x86)\COSMIC\32K_Compilers\CXSTM8\Lib\libm0.sm8)ldiv.o ***
c_divul                             ********   *** removed from (C:\Program Files (x86)\COSMIC\32K_Compilers\CXSTM8\Lib\libm0.sm8)ldiv.o ***
c_lgneg                             ********   *** removed from (C:\Program Files (x86)\COSMIC\32K_Compilers\CXSTM8\Lib\libm0.sm8)lgneg.o ***
c_lneg                              ********   *** removed from (C:\Program Files (x86)\COSMIC\32K_Compilers\CXSTM8\Lib\libm0.sm8)lneg.o ***
c_lreg                              ********   *** removed from (C:\Program Files (x86)\COSMIC\32K_Compilers\CXSTM8\Lib\libm0.sm8)lreg.o ***
c_ltor                              ********   *** removed from (C:\Program Files (x86)\COSMIC\32K_Compilers\CXSTM8\Lib\libm0.sm8)ltor.o ***
c_ludv                              ********   *** removed from (C:\Program Files (x86)\COSMIC\32K_Compilers\CXSTM8\Lib\libm0.sm8)ludiv.o ***
c_rtol                              ********   *** removed from (C:\Program Files (x86)\COSMIC\32K_Compilers\CXSTM8\Lib\libm0.sm8)rtol.o ***
c_x                                 00000004   defined in (C:\Program Files (x86)\COSMIC\32K_Compilers\CXSTM8\Lib\libm0.sm8)xreg.o section .ubsct
                                               used in C:\Program Files (x86)\COSMIC\32K_Compilers\CXSTM8\Lib\crtsi0.sm8
                                                       Debug\stm8s_it.o
                                                       (C:\Program Files (x86)\COSMIC\32K_Compilers\CXSTM8\Lib\libm0.sm8)ldiv.o
c_y                                 00000007   defined in (C:\Program Files (x86)\COSMIC\32K_Compilers\CXSTM8\Lib\libm0.sm8)yreg.o section .ubsct
                                               used in C:\Program Files (x86)\COSMIC\32K_Compilers\CXSTM8\Lib\crtsi0.sm8
                                                       Debug\stm8s_it.o
f_ADC1_IRQHandler                   ********   *** removed from Debug\stm8s_it.o ***
f_AWU_IRQHandler                    ********   *** removed from Debug\stm8s_it.o ***
f_CLK_IRQHandler                    ********   *** removed from Debug\stm8s_it.o ***
f_EEPROM_EEC_IRQHandler             ********   *** removed from Debug\stm8s_it.o ***
f_EXTI_PORTA_IRQHandler             ********   *** removed from Debug\stm8s_it.o ***
f_EXTI_PORTB_IRQHandler             ********   *** removed from Debug\stm8s_it.o ***
f_EXTI_PORTC_IRQHandler             ********   *** removed from Debug\stm8s_it.o ***
f_EXTI_PORTD_IRQHandler             ********   *** removed from Debug\stm8s_it.o ***
f_EXTI_PORTE_IRQHandler             ********   *** removed from Debug\stm8s_it.o ***
f_I2C_IRQHandler                    ********   *** removed from Debug\stm8s_it.o ***
f_NonHandledInterrupt               0000829f   defined in Debug\stm8_interrupt_vector.o section .text
f_SPI_IRQHandler                    ********   *** removed from Debug\stm8s_it.o ***
f_TIM1_CAP_COM_IRQHandler           ********   *** removed from Debug\stm8s_it.o ***
f_TIM1_UPD_OVF_TRG_BRK_IRQHandler   ********   *** removed from Debug\stm8s_it.o ***
f_TIM2_CAP_COM_IRQHandler           ********   *** removed from Debug\stm8s_it.o ***
f_TIM2_UPD_OVF_BRK_IRQHandler       ********   *** removed from Debug\stm8s_it.o ***
f_TIM4_UPD_OVF_IRQHandler           00008151   defined in Debug\stm8s_it.o section .text
                                               used in Debug\stm8_interrupt_vector.o
f_TLI_IRQHandler                    ********   *** removed from Debug\stm8s_it.o ***
f_TRAP_IRQHandler                   ********   *** removed from Debug\stm8s_it.o ***
f_UART1_RX_IRQHandler               ********   *** removed from Debug\stm8s_it.o ***
f_UART1_TX_IRQHandler               ********   *** removed from Debug\stm8s_it.o ***
