
Map of Debug\sr_modle.sm8 from link file Debug\sr_modle.lkf - Sun Dec 13 10:25:11 2015


                               --------
                               Segments
                               --------

start 00008080 end 00008080 length     0 segment .const
start 00008095 end 00008663 length  1486 segment .text
start 00004000 end 00004000 length     0 segment .eeprom
start 00000000 end 0000000d length    13 segment .bsct, initialized
start 00008088 end 00008095 length    13 segment .bsct, from
start 0000000d end 0000001f length    18 segment .ubsct
start 0000001f end 0000001f length     0 segment .bit
start 0000001f end 0000001f length     0 segment .share
start 00000100 end 00000100 length     0 segment .data
start 00000100 end 00000100 length     0 segment .bss
start 00000000 end 00000699 length  1689 segment .info.
start 00000000 end 00007dd8 length 32216 segment .debug
start 00008000 end 00008080 length   128 segment .const
start 00008080 end 00008088 length     8 segment .init


                               -------
                               Modules
                               -------

C:\Program Files (x86)\COSMIC\32K_Compilers\CXSTM8\Lib\crtsi0.sm8:
start 00008095 end 000080e5 length    80 section .text
start 00000100 end 00000100 length     0 section .bss
start 0000000d end 0000000d length     0 section .ubsct
start 00000000 end 0000002f length    47 section .info.

Debug\main.o:
start 00000000 end 00000002 length     2 section .bsct
start 0000000d end 0000000e length     1 section .ubsct
start 00000000 end 000002a3 length   675 section .debug
start 0000002f end 000000ab length   124 section .info.
start 000080e5 end 000080e6 length     1 section .text
start 000080e6 end 000080f1 length    11 section .text
start 000080f1 end 00008108 length    23 section .text
start 00008108 end 00008122 length    26 section .text
start 00008122 end 0000814f length    45 section .text
start 0000814f end 00008158 length     9 section .text
start 00008158 end 00008198 length    64 section .text

Debug\stm8s_it.o:
start 000002a3 end 0000088e length  1515 section .debug
start 000000ab end 0000012b length   128 section .info.
start ******** end ******** length     0 section .text *** removed ***
start ******** end ******** length     0 section .text *** removed ***
start ******** end ******** length     0 section .text *** removed ***
start ******** end ******** length     0 section .text *** removed ***
start ******** end ******** length     0 section .text *** removed ***
start ******** end ******** length     0 section .text *** removed ***
start ******** end ******** length     0 section .text *** removed ***
start ******** end ******** length     0 section .text *** removed ***
start ******** end ******** length     0 section .text *** removed ***
start ******** end ******** length     0 section .text *** removed ***
start ******** end ******** length     0 section .text *** removed ***
start ******** end ******** length     0 section .text *** removed ***
start ******** end ******** length     0 section .text *** removed ***
start ******** end ******** length     0 section .text *** removed ***
start ******** end ******** length     0 section .text *** removed ***
start ******** end ******** length     0 section .text *** removed ***
start ******** end ******** length     0 section .text *** removed ***
start ******** end ******** length     0 section .text *** removed ***
start 00008198 end 000081c1 length    41 section .text
start ******** end ******** length     0 section .text *** removed ***

Debug\stm8s_clk.o:
start 0000088e end 00001efd length  5743 section .debug
start 0000012b end 000001ac length   129 section .info.
start ******** end ******** length     0 section .const *** removed ***
start 000081c1 end 000081f9 length    56 section .text
start ******** end ******** length     0 section .text *** removed ***
start ******** end ******** length     0 section .text *** removed ***
start ******** end ******** length     0 section .text *** removed ***
start ******** end ******** length     0 section .text *** removed ***
start ******** end ******** length     0 section .text *** removed ***
start ******** end ******** length     0 section .text *** removed ***
start ******** end ******** length     0 section .text *** removed ***
start ******** end ******** length     0 section .text *** removed ***
start ******** end ******** length     0 section .text *** removed ***
start ******** end ******** length     0 section .text *** removed ***
start ******** end ******** length     0 section .text *** removed ***
start ******** end ******** length     0 section .text *** removed ***
start 000081f9 end 00008226 length    45 section .text
start ******** end ******** length     0 section .text *** removed ***
start ******** end ******** length     0 section .text *** removed ***
start ******** end ******** length     0 section .text *** removed ***
start ******** end ******** length     0 section .text *** removed ***
start ******** end ******** length     0 section .text *** removed ***
start ******** end ******** length     0 section .text *** removed ***
start ******** end ******** length     0 section .text *** removed ***
start ******** end ******** length     0 section .text *** removed ***
start ******** end ******** length     0 section .text *** removed ***

Debug\stm8s_gpio.o:
start 00001efd end 00002907 length  2570 section .debug
start 000001ac end 0000022e length   130 section .info.
start ******** end ******** length     0 section .text *** removed ***
start 00008226 end 0000828e length   104 section .text
start ******** end ******** length     0 section .text *** removed ***
start 0000828e end 00008295 length     7 section .text
start 00008295 end 0000829d length     8 section .text
start ******** end ******** length     0 section .text *** removed ***
start ******** end ******** length     0 section .text *** removed ***
start ******** end ******** length     0 section .text *** removed ***
start 0000829d end 000082a4 length     7 section .text
start ******** end ******** length     0 section .text *** removed ***

Debug\stm8s_tim1.o:
start 00002907 end 00006891 length 16266 section .debug
start 0000022e end 000002b0 length   130 section .info.
start 000082a4 end 0000833d length   153 section .text
start 0000833d end 00008361 length    36 section .text
start ******** end ******** length     0 section .text *** removed ***
start ******** end ******** length     0 section .text *** removed ***
start 00008361 end 000083be length    93 section .text
start ******** end ******** length     0 section .text *** removed ***
start ******** end ******** length     0 section .text *** removed ***
start ******** end ******** length     0 section .text *** removed ***
start ******** end ******** length     0 section .text *** removed ***
start 000083be end 000083cc length    14 section .text
start 000083cc end 000083da length    14 section .text
start ******** end ******** length     0 section .text *** removed ***
start ******** end ******** length     0 section .text *** removed ***
start ******** end ******** length     0 section .text *** removed ***
start ******** end ******** length     0 section .text *** removed ***
start ******** end ******** length     0 section .text *** removed ***
start ******** end ******** length     0 section .text *** removed ***
start ******** end ******** length     0 section .text *** removed ***
start ******** end ******** length     0 section .text *** removed ***
start ******** end ******** length     0 section .text *** removed ***
start ******** end ******** length     0 section .text *** removed ***
start ******** end ******** length     0 section .text *** removed ***
start ******** end ******** length     0 section .text *** removed ***
start ******** end ******** length     0 section .text *** removed ***
start ******** end ******** length     0 section .text *** removed ***
start ******** end ******** length     0 section .text *** removed ***
start ******** end ******** length     0 section .text *** removed ***
start ******** end ******** length     0 section .text *** removed ***
start ******** end ******** length     0 section .text *** removed ***
start ******** end ******** length     0 section .text *** removed ***
start ******** end ******** length     0 section .text *** removed ***
start ******** end ******** length     0 section .text *** removed ***
start ******** end ******** length     0 section .text *** removed ***
start ******** end ******** length     0 section .text *** removed ***
start ******** end ******** length     0 section .text *** removed ***
start ******** end ******** length     0 section .text *** removed ***
start ******** end ******** length     0 section .text *** removed ***
start ******** end ******** length     0 section .text *** removed ***
start ******** end ******** length     0 section .text *** removed ***
start ******** end ******** length     0 section .text *** removed ***
start ******** end ******** length     0 section .text *** removed ***
start ******** end ******** length     0 section .text *** removed ***
start ******** end ******** length     0 section .text *** removed ***
start ******** end ******** length     0 section .text *** removed ***
start ******** end ******** length     0 section .text *** removed ***
start ******** end ******** length     0 section .text *** removed ***
start ******** end ******** length     0 section .text *** removed ***
start ******** end ******** length     0 section .text *** removed ***
start ******** end ******** length     0 section .text *** removed ***
start ******** end ******** length     0 section .text *** removed ***
start ******** end ******** length     0 section .text *** removed ***
start ******** end ******** length     0 section .text *** removed ***
start ******** end ******** length     0 section .text *** removed ***
start ******** end ******** length     0 section .text *** removed ***
start ******** end ******** length     0 section .text *** removed ***
start ******** end ******** length     0 section .text *** removed ***
start ******** end ******** length     0 section .text *** removed ***
start ******** end ******** length     0 section .text *** removed ***
start ******** end ******** length     0 section .text *** removed ***
start ******** end ******** length     0 section .text *** removed ***
start ******** end ******** length     0 section .text *** removed ***
start ******** end ******** length     0 section .text *** removed ***
start ******** end ******** length     0 section .text *** removed ***
start ******** end ******** length     0 section .text *** removed ***
start ******** end ******** length     0 section .text *** removed ***
start ******** end ******** length     0 section .text *** removed ***
start ******** end ******** length     0 section .text *** removed ***
start ******** end ******** length     0 section .text *** removed ***
start ******** end ******** length     0 section .text *** removed ***
start ******** end ******** length     0 section .text *** removed ***
start ******** end ******** length     0 section .text *** removed ***
start ******** end ******** length     0 section .text *** removed ***
start ******** end ******** length     0 section .text *** removed ***
start ******** end ******** length     0 section .text *** removed ***
start ******** end ******** length     0 section .text *** removed ***
start ******** end ******** length     0 section .text *** removed ***
start ******** end ******** length     0 section .text *** removed ***
start ******** end ******** length     0 section .text *** removed ***

Debug\stm8s_tim4.o:
start 00006891 end 00007448 length  2999 section .debug
start 000002b0 end 00000332 length   130 section .info.
start ******** end ******** length     0 section .text *** removed ***
start 000083da end 000083e3 length     9 section .text
start 000083e3 end 000083f1 length    14 section .text
start 000083f1 end 0000840a length    25 section .text
start ******** end ******** length     0 section .text *** removed ***
start ******** end ******** length     0 section .text *** removed ***
start ******** end ******** length     0 section .text *** removed ***
start ******** end ******** length     0 section .text *** removed ***
start ******** end ******** length     0 section .text *** removed ***
start ******** end ******** length     0 section .text *** removed ***
start ******** end ******** length     0 section .text *** removed ***
start ******** end ******** length     0 section .text *** removed ***
start ******** end ******** length     0 section .text *** removed ***
start ******** end ******** length     0 section .text *** removed ***
start ******** end ******** length     0 section .text *** removed ***
start 0000840a end 0000840f length     5 section .text
start ******** end ******** length     0 section .text *** removed ***
start 0000840f end 00008414 length     5 section .text

Debug\indicator_light.o:
start 0000000e end 00000010 length     2 section .ubsct
start 00007448 end 00007594 length   332 section .debug
start 00000332 end 000003b9 length   135 section .info.
start ******** end ******** length     0 section .text *** removed ***
start ******** end ******** length     0 section .text *** removed ***

Debug\motor.o:
start 00000002 end 0000000d length    11 section .bsct
start 00000010 end 00000019 length     9 section .ubsct
start 00007594 end 00007c6d length  1753 section .debug
start 000003b9 end 00000436 length   125 section .info.
start 00008414 end 00008420 length    12 section .text
start 00008420 end 0000842c length    12 section .text
start 0000842c end 0000843b length    15 section .text
start 0000843b end 0000844d length    18 section .text
start 0000844d end 00008478 length    43 section .text
start 00008478 end 000084ac length    52 section .text
start 000084ac end 000084c7 length    27 section .text
start 000084c7 end 000084f2 length    43 section .text
start 000084f2 end 000085a1 length   175 section .text
start 000085a1 end 000085ff length    94 section .text
start 000085ff end 0000864d length    78 section .text
start 0000864d end 00008662 length    21 section .text

(C:\Program Files (x86)\COSMIC\32K_Compilers\CXSTM8\Lib\libm0.sm8)lreg.o:
start ******** end ******** length     0 section .ubsct *** removed ***
start 00000436 end 00000464 length    46 section .info.

(C:\Program Files (x86)\COSMIC\32K_Compilers\CXSTM8\Lib\libm0.sm8)ltor.o:
start ******** end ******** length     0 section .text *** removed ***
start 00000464 end 00000492 length    46 section .info.

(C:\Program Files (x86)\COSMIC\32K_Compilers\CXSTM8\Lib\libm0.sm8)ludiv.o:
start ******** end ******** length     0 section .text *** removed ***
start 00000492 end 000004c1 length    47 section .info.

(C:\Program Files (x86)\COSMIC\32K_Compilers\CXSTM8\Lib\libm0.sm8)ldiv.o:
start ******** end ******** length     0 section .text *** removed ***
start 000004c1 end 000004ef length    46 section .info.

(C:\Program Files (x86)\COSMIC\32K_Compilers\CXSTM8\Lib\libm0.sm8)lgneg.o:
start ******** end ******** length     0 section .text *** removed ***
start 000004ef end 0000051e length    47 section .info.

(C:\Program Files (x86)\COSMIC\32K_Compilers\CXSTM8\Lib\libm0.sm8)lneg.o:
start ******** end ******** length     0 section .text *** removed ***
start 0000051e end 0000054c length    46 section .info.

(C:\Program Files (x86)\COSMIC\32K_Compilers\CXSTM8\Lib\libm0.sm8)rtol.o:
start ******** end ******** length     0 section .text *** removed ***
start 0000054c end 0000057a length    46 section .info.

(C:\Program Files (x86)\COSMIC\32K_Compilers\CXSTM8\Lib\libm0.sm8)xreg.o:
start 00000019 end 0000001c length     3 section .ubsct
start 0000057a end 000005a8 length    46 section .info.

(C:\Program Files (x86)\COSMIC\32K_Compilers\CXSTM8\Lib\libm0.sm8)yreg.o:
start 0000001c end 0000001f length     3 section .ubsct
start 000005a8 end 000005d6 length    46 section .info.

Debug\stm8_interrupt_vector.o:
start 00007c6d end 00007dd8 length   363 section .debug
start 000005d6 end 00000663 length   141 section .info.
start 00008662 end 00008663 length     1 section .text
start 00008000 end 00008080 length   128 section .const


                             -----------
                             Stack usage
                             -----------

Debug\main.o:
_CLK_Config                             5   (2)
_GPIO_Config_SystemOn                   8   (2)
_Tasks_1ms_TimeCritical                 2   (2)
_TimeCounters_10ms                     11   (2)
_TimeCounters_1ms                       2   (2)
_Timer_Config                          16   (2)
_main                              >   18   (2)

Debug\motor.o:
L32_Speed_Sensor_Init                   8   (2)
L3_Obstacle_Avoidance_Sensor_Init       8   (2)
L53_Key_Init                            8   (2)
L74_Alarm_Init                          8   (2)
_Alarm                                 10   (2)
_Alarm_Speaker                          8   (3)
_Key_Scan                               8   (3)
_MT_Control                             9   (2)
_Motor_Init                            10   (2)
_Motor_Start                            7   (2)
_Motor_Stop                             7   (2)
_Sensor_OA_Scan                         7   (2)

Debug\stm8_interrupt_vector.o:
f_NonHandledInterrupt              >    6   (6)

Debug\stm8s_clk.o:
_CLK_DeInit                             2   (2)
_CLK_SYSCLKConfig                       3   (3)

Debug\stm8s_gpio.o:
_GPIO_Init                              6   (6)
_GPIO_ReadInputPin                      5   (5)
_GPIO_WriteHigh                         5   (5)
_GPIO_WriteLow                          5   (5)

Debug\stm8s_it.o:
f_TIM4_UPD_OVF_IRQHandler          >   14   (12)

Debug\stm8s_tim1.o:
_TIM1_Cmd                               2   (2)
_TIM1_CtrlPWMOutputs                    2   (2)
_TIM1_DeInit                            2   (2)
_TIM1_OC3Init                          14   (14)
_TIM1_TimeBaseInit                      8   (8)

Debug\stm8s_tim4.o:
_TIM4_ClearFlag                         2   (2)
_TIM4_ClearITPendingBit                 2   (2)
_TIM4_Cmd                               2   (2)
_TIM4_ITConfig                          4   (4)
_TIM4_TimeBaseInit                      2   (2)

Stack size: 32


                              ---------
                              Call tree
                              ---------
   1 > __stext: (0)

   2 > _main: (2)
   3      + _Alarm: (2)
   4      |    + _Alarm_Speaker: (3)
   5      |    |    + _GPIO_WriteHigh: (5)
   6      |    |    + _GPIO_WriteLow: (5)
          |    | 
   7      |    + _GPIO_WriteHigh --> 5
          | 
   8      + _CLK_Config: (2)
   9      |    + _CLK_DeInit: (2)
  10      |    + _CLK_SYSCLKConfig: (3)
          | 
  11      + _GPIO_Config_SystemOn: (2)
  12      |    + _GPIO_Init: (6)
          | 
  13      + _Key_Scan: (3)
  14      |    + _GPIO_ReadInputPin: (5)
          | 
  15      + _Motor_Init: (2)
  16      |    + L32_Speed_Sensor_Init: (2)
  17      |    |    + _GPIO_Init --> 12
          |    | 
  18      |    + L3_Obstacle_Avoidance_Sensor_Init: (2)
  19      |    |    + _GPIO_Init --> 12
          |    | 
  20      |    + L53_Key_Init: (2)
  21      |    |    + _GPIO_Init --> 12
          |    | 
  22      |    + L74_Alarm_Init: (2)
  23      |    |    + _GPIO_Init --> 12
          |    | 
  24      |    + _GPIO_Init --> 12
  25      |    + _TIM1_Cmd: (2)
  26      |    + _TIM1_CtrlPWMOutputs: (2)
          | 
  27      + _TimeCounters_10ms: (2)
  28      |    + _MT_Control: (2)
  29      |    |    + _Motor_Start: (2)
  30      |    |    |    + _GPIO_WriteHigh --> 5
  31      |    |    |    + _GPIO_WriteLow --> 6
  32      |    |    |    + _TIM1_Cmd --> 25
  33      |    |    |    + _TIM1_CtrlPWMOutputs --> 26
          |    |    | 
  34      |    |    + _Motor_Stop: (2)
  35      |    |    |    + _GPIO_WriteLow --> 6
  36      |    |    |    + _TIM1_Cmd --> 25
  37      |    |    |    + _TIM1_CtrlPWMOutputs --> 26
          |    |    | 
          |    | 
  38      |    + _Sensor_OA_Scan: (2)
  39      |    |    + _GPIO_ReadInputPin --> 14
          |    | 
          | 
  40      + _TimeCounters_1ms: (2)
  41      + _Timer_Config: (2)
  42      |    + _TIM1_DeInit: (2)
  43      |    + _TIM1_OC3Init: (14)
  44      |    + _TIM1_TimeBaseInit: (8)
  45      |    + _TIM4_ClearFlag: (2)
  46      |    + _TIM4_Cmd: (2)
  47      |    + _TIM4_ITConfig: (4)
  48      |    + _TIM4_TimeBaseInit: (2)
          | 
       
  49 > f_NonHandledInterrupt: (6)

  50 > f_TIM4_UPD_OVF_IRQHandler: (12)
  51      + _TIM4_ClearITPendingBit: (2)
  52      + _Tasks_1ms_TimeCritical: (2)
       
  53   L32_Speed_Sensor_Init --> 16

  54   L3_Obstacle_Avoidance_Sensor_Init --> 18

  55   L53_Key_Init --> 20

  56   L74_Alarm_Init --> 22

  57   _Alarm --> 3

  58   _Alarm_Speaker --> 4

  59   _CLK_Config --> 8

  60   _CLK_DeInit --> 9

  61   _CLK_SYSCLKConfig --> 10

  62   _GPIO_Config_SystemOn --> 11

  63   _GPIO_Init --> 12

  64   _GPIO_ReadInputPin --> 14

  65   _GPIO_WriteHigh --> 5

  66   _GPIO_WriteLow --> 6

  67   _Key_Scan --> 13

  68   _MT_Control --> 28

  69   _Motor_Init --> 15

  70   _Motor_Start --> 29

  71   _Motor_Stop --> 34

  72   _Sensor_OA_Scan --> 38

  73   _TIM1_Cmd --> 25

  74   _TIM1_CtrlPWMOutputs --> 26

  75   _TIM1_DeInit --> 42

  76   _TIM1_OC3Init --> 43

  77   _TIM1_TimeBaseInit --> 44

  78   _TIM4_ClearFlag --> 45

  79   _TIM4_ClearITPendingBit --> 51

  80   _TIM4_Cmd --> 46

  81   _TIM4_ITConfig --> 47

  82   _TIM4_TimeBaseInit --> 48

  83   _Tasks_1ms_TimeCritical --> 52

  84   _TimeCounters_10ms --> 27

  85   _TimeCounters_1ms --> 40

  86   _Timer_Config --> 41



                               -------
                               Symbols
                               -------

_Alarm                              0000864d   defined in Debug\motor.o section .text
                                               used in Debug\main.o
_Alarm_Speaker                      000085ff   defined in Debug\motor.o section .text
_CLKPrescTable                      ********   *** removed from Debug\stm8s_clk.o ***
_CLK_AdjustHSICalibrationValue      ********   *** removed from Debug\stm8s_clk.o ***
_CLK_CCOCmd                         ********   *** removed from Debug\stm8s_clk.o ***
_CLK_CCOConfig                      ********   *** removed from Debug\stm8s_clk.o ***
_CLK_ClearITPendingBit              ********   *** removed from Debug\stm8s_clk.o ***
_CLK_ClockSecuritySystemEnable      ********   *** removed from Debug\stm8s_clk.o ***
_CLK_ClockSwitchCmd                 ********   *** removed from Debug\stm8s_clk.o ***
_CLK_ClockSwitchConfig              ********   *** removed from Debug\stm8s_clk.o ***
_CLK_Config                         0000814f   defined in Debug\main.o section .text
_CLK_DeInit                         000081c1   defined in Debug\stm8s_clk.o section .text
                                               used in Debug\main.o
_CLK_FastHaltWakeUpCmd              ********   *** removed from Debug\stm8s_clk.o ***
_CLK_GetClockFreq                   ********   *** removed from Debug\stm8s_clk.o ***
_CLK_GetFlagStatus                  ********   *** removed from Debug\stm8s_clk.o ***
_CLK_GetITStatus                    ********   *** removed from Debug\stm8s_clk.o ***
_CLK_GetSYSCLKSource                ********   *** removed from Debug\stm8s_clk.o ***
_CLK_HSECmd                         ********   *** removed from Debug\stm8s_clk.o ***
_CLK_HSICmd                         ********   *** removed from Debug\stm8s_clk.o ***
_CLK_HSIPrescalerConfig             ********   *** removed from Debug\stm8s_clk.o ***
_CLK_ITConfig                       ********   *** removed from Debug\stm8s_clk.o ***
_CLK_LSICmd                         ********   *** removed from Debug\stm8s_clk.o ***
_CLK_PeripheralClockConfig          ********   *** removed from Debug\stm8s_clk.o ***
_CLK_SWIMConfig                     ********   *** removed from Debug\stm8s_clk.o ***
_CLK_SYSCLKConfig                   000081f9   defined in Debug\stm8s_clk.o section .text
                                               used in Debug\main.o
_CLK_SYSCLKEmergencyClear           ********   *** removed from Debug\stm8s_clk.o ***
_CLK_SlowActiveHaltWakeUpCmd        ********   *** removed from Debug\stm8s_clk.o ***
_GPIO_Config_SystemOn               00008122   defined in Debug\main.o section .text
_GPIO_DeInit                        ********   *** removed from Debug\stm8s_gpio.o ***
_GPIO_ExternalPullUpConfig          ********   *** removed from Debug\stm8s_gpio.o ***
_GPIO_Init                          00008226   defined in Debug\stm8s_gpio.o section .text
                                               used in Debug\main.o
                                                       Debug\indicator_light.o
                                                       Debug\motor.o
_GPIO_ReadInputData                 ********   *** removed from Debug\stm8s_gpio.o ***
_GPIO_ReadInputPin                  0000829d   defined in Debug\stm8s_gpio.o section .text
                                               used in Debug\motor.o
_GPIO_ReadOutputData                ********   *** removed from Debug\stm8s_gpio.o ***
_GPIO_Write                         ********   *** removed from Debug\stm8s_gpio.o ***
_GPIO_WriteHigh                     0000828e   defined in Debug\stm8s_gpio.o section .text
                                               used in Debug\indicator_light.o
                                                       Debug\motor.o
_GPIO_WriteLow                      00008295   defined in Debug\stm8s_gpio.o section .text
                                               used in Debug\indicator_light.o
                                                       Debug\motor.o
_GPIO_WriteReverse                  ********   *** removed from Debug\stm8s_gpio.o ***
_HSIDivFactor                       ********   *** removed from Debug\stm8s_clk.o ***
_Indcator_cnt                       0000000f   defined in Debug\indicator_light.o section .ubsct
                                               used in Debug\main.o
_Indicator_Init                     ********   *** removed from Debug\indicator_light.o ***
_Indicator_Running                  ********   *** removed from Debug\indicator_light.o ***
_Key_Scan                           000084f2   defined in Debug\motor.o section .text
                                               used in Debug\main.o
_MT                                 00000002   defined in Debug\motor.o section .bsct, initialized
_MT_Control                         000085a1   defined in Debug\motor.o section .text
                                               used in Debug\main.o
_Motor_Init                         0000844d   defined in Debug\motor.o section .text
                                               used in Debug\main.o
_Motor_Start                        00008478   defined in Debug\motor.o section .text
_Motor_Stop                         000084ac   defined in Debug\motor.o section .text
_Sensor_OA_Scan                     000084c7   defined in Debug\motor.o section .text
                                               used in Debug\main.o
_TCnt_10ms                          0000000d   defined in Debug\main.o section .ubsct
_TIM1_ARRPreloadConfig              ********   *** removed from Debug\stm8s_tim1.o ***
_TIM1_BDTRConfig                    ********   *** removed from Debug\stm8s_tim1.o ***
_TIM1_CCPreloadControl              ********   *** removed from Debug\stm8s_tim1.o ***
_TIM1_CCxCmd                        ********   *** removed from Debug\stm8s_tim1.o ***
_TIM1_CCxNCmd                       ********   *** removed from Debug\stm8s_tim1.o ***
_TIM1_ClearFlag                     ********   *** removed from Debug\stm8s_tim1.o ***
_TIM1_ClearITPendingBit             ********   *** removed from Debug\stm8s_tim1.o ***
_TIM1_Cmd                           000083be   defined in Debug\stm8s_tim1.o section .text
                                               used in Debug\motor.o
_TIM1_CounterModeConfig             ********   *** removed from Debug\stm8s_tim1.o ***
_TIM1_CtrlPWMOutputs                000083cc   defined in Debug\stm8s_tim1.o section .text
                                               used in Debug\motor.o
_TIM1_DeInit                        000082a4   defined in Debug\stm8s_tim1.o section .text
                                               used in Debug\main.o
_TIM1_ETRClockMode1Config           ********   *** removed from Debug\stm8s_tim1.o ***
_TIM1_ETRClockMode2Config           ********   *** removed from Debug\stm8s_tim1.o ***
_TIM1_ETRConfig                     ********   *** removed from Debug\stm8s_tim1.o ***
_TIM1_EncoderInterfaceConfig        ********   *** removed from Debug\stm8s_tim1.o ***
_TIM1_ForcedOC1Config               ********   *** removed from Debug\stm8s_tim1.o ***
_TIM1_ForcedOC2Config               ********   *** removed from Debug\stm8s_tim1.o ***
_TIM1_ForcedOC3Config               ********   *** removed from Debug\stm8s_tim1.o ***
_TIM1_ForcedOC4Config               ********   *** removed from Debug\stm8s_tim1.o ***
_TIM1_GenerateEvent                 ********   *** removed from Debug\stm8s_tim1.o ***
_TIM1_GetCapture1                   ********   *** removed from Debug\stm8s_tim1.o ***
_TIM1_GetCapture2                   ********   *** removed from Debug\stm8s_tim1.o ***
_TIM1_GetCapture3                   ********   *** removed from Debug\stm8s_tim1.o ***
_TIM1_GetCapture4                   ********   *** removed from Debug\stm8s_tim1.o ***
_TIM1_GetCounter                    ********   *** removed from Debug\stm8s_tim1.o ***
_TIM1_GetFlagStatus                 ********   *** removed from Debug\stm8s_tim1.o ***
_TIM1_GetITStatus                   ********   *** removed from Debug\stm8s_tim1.o ***
_TIM1_GetPrescaler                  ********   *** removed from Debug\stm8s_tim1.o ***
_TIM1_ICInit                        ********   *** removed from Debug\stm8s_tim1.o ***
_TIM1_ITConfig                      ********   *** removed from Debug\stm8s_tim1.o ***
_TIM1_InternalClockConfig           ********   *** removed from Debug\stm8s_tim1.o ***
_TIM1_OC1FastConfig                 ********   *** removed from Debug\stm8s_tim1.o ***
_TIM1_OC1Init                       ********   *** removed from Debug\stm8s_tim1.o ***
_TIM1_OC1NPolarityConfig            ********   *** removed from Debug\stm8s_tim1.o ***
_TIM1_OC1PolarityConfig             ********   *** removed from Debug\stm8s_tim1.o ***
_TIM1_OC1PreloadConfig              ********   *** removed from Debug\stm8s_tim1.o ***
_TIM1_OC2FastConfig                 ********   *** removed from Debug\stm8s_tim1.o ***
_TIM1_OC2Init                       ********   *** removed from Debug\stm8s_tim1.o ***
_TIM1_OC2NPolarityConfig            ********   *** removed from Debug\stm8s_tim1.o ***
_TIM1_OC2PolarityConfig             ********   *** removed from Debug\stm8s_tim1.o ***
_TIM1_OC2PreloadConfig              ********   *** removed from Debug\stm8s_tim1.o ***
_TIM1_OC3FastConfig                 ********   *** removed from Debug\stm8s_tim1.o ***
_TIM1_OC3Init                       00008361   defined in Debug\stm8s_tim1.o section .text
                                               used in Debug\main.o
_TIM1_OC3NPolarityConfig            ********   *** removed from Debug\stm8s_tim1.o ***
_TIM1_OC3PolarityConfig             ********   *** removed from Debug\stm8s_tim1.o ***
_TIM1_OC3PreloadConfig              ********   *** removed from Debug\stm8s_tim1.o ***
_TIM1_OC4FastConfig                 ********   *** removed from Debug\stm8s_tim1.o ***
_TIM1_OC4Init                       ********   *** removed from Debug\stm8s_tim1.o ***
_TIM1_OC4PolarityConfig             ********   *** removed from Debug\stm8s_tim1.o ***
_TIM1_OC4PreloadConfig              ********   *** removed from Debug\stm8s_tim1.o ***
_TIM1_PWMIConfig                    ********   *** removed from Debug\stm8s_tim1.o ***
_TIM1_PrescalerConfig               ********   *** removed from Debug\stm8s_tim1.o ***
_TIM1_SelectCOM                     ********   *** removed from Debug\stm8s_tim1.o ***
_TIM1_SelectHallSensor              ********   *** removed from Debug\stm8s_tim1.o ***
_TIM1_SelectInputTrigger            ********   *** removed from Debug\stm8s_tim1.o ***
_TIM1_SelectMasterSlaveMode         ********   *** removed from Debug\stm8s_tim1.o ***
_TIM1_SelectOCxM                    ********   *** removed from Debug\stm8s_tim1.o ***
_TIM1_SelectOnePulseMode            ********   *** removed from Debug\stm8s_tim1.o ***
_TIM1_SelectOutputTrigger           ********   *** removed from Debug\stm8s_tim1.o ***
_TIM1_SelectSlaveMode               ********   *** removed from Debug\stm8s_tim1.o ***
_TIM1_SetAutoreload                 ********   *** removed from Debug\stm8s_tim1.o ***
_TIM1_SetCompare1                   ********   *** removed from Debug\stm8s_tim1.o ***
_TIM1_SetCompare2                   ********   *** removed from Debug\stm8s_tim1.o ***
_TIM1_SetCompare3                   ********   *** removed from Debug\stm8s_tim1.o ***
_TIM1_SetCompare4                   ********   *** removed from Debug\stm8s_tim1.o ***
_TIM1_SetCounter                    ********   *** removed from Debug\stm8s_tim1.o ***
_TIM1_SetIC1Prescaler               ********   *** removed from Debug\stm8s_tim1.o ***
_TIM1_SetIC2Prescaler               ********   *** removed from Debug\stm8s_tim1.o ***
_TIM1_SetIC3Prescaler               ********   *** removed from Debug\stm8s_tim1.o ***
_TIM1_SetIC4Prescaler               ********   *** removed from Debug\stm8s_tim1.o ***
_TIM1_TIxExternalClockConfig        ********   *** removed from Debug\stm8s_tim1.o ***
_TIM1_TimeBaseInit                  0000833d   defined in Debug\stm8s_tim1.o section .text
                                               used in Debug\main.o
_TIM1_UpdateDisableConfig           ********   *** removed from Debug\stm8s_tim1.o ***
_TIM1_UpdateRequestConfig           ********   *** removed from Debug\stm8s_tim1.o ***
_TIM4_ARRPreloadConfig              ********   *** removed from Debug\stm8s_tim4.o ***
_TIM4_ClearFlag                     0000840a   defined in Debug\stm8s_tim4.o section .text
                                               used in Debug\main.o
_TIM4_ClearITPendingBit             0000840f   defined in Debug\stm8s_tim4.o section .text
                                               used in Debug\stm8s_it.o
_TIM4_Cmd                           000083e3   defined in Debug\stm8s_tim4.o section .text
                                               used in Debug\main.o
_TIM4_DeInit                        ********   *** removed from Debug\stm8s_tim4.o ***
_TIM4_GenerateEvent                 ********   *** removed from Debug\stm8s_tim4.o ***
_TIM4_GetCounter                    ********   *** removed from Debug\stm8s_tim4.o ***
_TIM4_GetFlagStatus                 ********   *** removed from Debug\stm8s_tim4.o ***
_TIM4_GetITStatus                   ********   *** removed from Debug\stm8s_tim4.o ***
_TIM4_GetPrescaler                  ********   *** removed from Debug\stm8s_tim4.o ***
_TIM4_ITConfig                      000083f1   defined in Debug\stm8s_tim4.o section .text
                                               used in Debug\main.o
_TIM4_PrescalerConfig               ********   *** removed from Debug\stm8s_tim4.o ***
_TIM4_SelectOnePulseMode            ********   *** removed from Debug\stm8s_tim4.o ***
_TIM4_SetAutoreload                 ********   *** removed from Debug\stm8s_tim4.o ***
_TIM4_SetCounter                    ********   *** removed from Debug\stm8s_tim4.o ***
_TIM4_TimeBaseInit                  000083da   defined in Debug\stm8s_tim4.o section .text
                                               used in Debug\main.o
_TIM4_UpdateDisableConfig           ********   *** removed from Debug\stm8s_tim4.o ***
_TIM4_UpdateRequestConfig           ********   *** removed from Debug\stm8s_tim4.o ***
_Tasks_1ms_TimeCritical             000080e5   defined in Debug\main.o section .text
                                               used in Debug\stm8s_it.o
_TimeCounters_10ms                  000080f1   defined in Debug\main.o section .text
_TimeCounters_1ms                   000080e6   defined in Debug\main.o section .text
_Timebase_cnt                       00000000   defined in Debug\main.o section .bsct, initialized
                                               used in Debug\stm8s_it.o
_Timer1_Period                      00000001   defined in Debug\main.o section .bsct, initialized
_Timer_Config                       00008158   defined in Debug\main.o section .text
__endmem                            000001ff   defined in command file
                                               *** not used ***
__endzp                             0000001f   defined in command file section .ubsct
                                               used in C:\Program Files (x86)\COSMIC\32K_Compilers\CXSTM8\Lib\crtsi0.sm8
__idesc__                           00008080   defined in linker section .init
                                               used in C:\Program Files (x86)\COSMIC\32K_Compilers\CXSTM8\Lib\crtsi0.sm8
__memory                            00000100   defined in command file section .bss
                                               used in C:\Program Files (x86)\COSMIC\32K_Compilers\CXSTM8\Lib\crtsi0.sm8
__stack                             000003ff   defined in command file
                                               used in C:\Program Files (x86)\COSMIC\32K_Compilers\CXSTM8\Lib\crtsi0.sm8
__startmem                          00000100   defined in command file section .bss
                                               *** not used ***
__stext                             00008095   defined in C:\Program Files (x86)\COSMIC\32K_Compilers\CXSTM8\Lib\crtsi0.sm8 section .text
                                               used in Debug\stm8_interrupt_vector.o
__vectab                            00008000   defined in Debug\stm8_interrupt_vector.o section .const
_exit                               000080e3   defined in C:\Program Files (x86)\COSMIC\32K_Compilers\CXSTM8\Lib\crtsi0.sm8 section .text
_main                               00008108   defined in Debug\main.o section .text
                                               used in C:\Program Files (x86)\COSMIC\32K_Compilers\CXSTM8\Lib\crtsi0.sm8
_pt_Alarm_Light                     00000011   defined in Debug\motor.o section .ubsct
_pt_Alarm_Light_cnt                 00000010   defined in Debug\motor.o section .ubsct
_pt_Alarm_Speaker                   00000013   defined in Debug\motor.o section .ubsct
_pt_Alarm_Speaker_cnt               00000017   defined in Debug\motor.o section .ubsct
                                               used in Debug\main.o
_pt_Keyscan                         00000015   defined in Debug\motor.o section .ubsct
_pt_Keyscan_cnt                     00000018   defined in Debug\motor.o section .ubsct
                                               used in Debug\main.o
c_divsl                             ********   *** removed from (C:\Program Files (x86)\COSMIC\32K_Compilers\CXSTM8\Lib\libm0.sm8)ldiv.o ***
c_divul                             ********   *** removed from (C:\Program Files (x86)\COSMIC\32K_Compilers\CXSTM8\Lib\libm0.sm8)ldiv.o ***
c_lgneg                             ********   *** removed from (C:\Program Files (x86)\COSMIC\32K_Compilers\CXSTM8\Lib\libm0.sm8)lgneg.o ***
c_lneg                              ********   *** removed from (C:\Program Files (x86)\COSMIC\32K_Compilers\CXSTM8\Lib\libm0.sm8)lneg.o ***
c_lreg                              ********   *** removed from (C:\Program Files (x86)\COSMIC\32K_Compilers\CXSTM8\Lib\libm0.sm8)lreg.o ***
c_ltor                              ********   *** removed from (C:\Program Files (x86)\COSMIC\32K_Compilers\CXSTM8\Lib\libm0.sm8)ltor.o ***
c_ludv                              ********   *** removed from (C:\Program Files (x86)\COSMIC\32K_Compilers\CXSTM8\Lib\libm0.sm8)ludiv.o ***
c_rtol                              ********   *** removed from (C:\Program Files (x86)\COSMIC\32K_Compilers\CXSTM8\Lib\libm0.sm8)rtol.o ***
c_x                                 00000019   defined in (C:\Program Files (x86)\COSMIC\32K_Compilers\CXSTM8\Lib\libm0.sm8)xreg.o section .ubsct
                                               used in C:\Program Files (x86)\COSMIC\32K_Compilers\CXSTM8\Lib\crtsi0.sm8
                                                       Debug\stm8s_it.o
                                                       (C:\Program Files (x86)\COSMIC\32K_Compilers\CXSTM8\Lib\libm0.sm8)ldiv.o
c_y                                 0000001c   defined in (C:\Program Files (x86)\COSMIC\32K_Compilers\CXSTM8\Lib\libm0.sm8)yreg.o section .ubsct
                                               used in C:\Program Files (x86)\COSMIC\32K_Compilers\CXSTM8\Lib\crtsi0.sm8
                                                       Debug\stm8s_it.o
f_ADC1_IRQHandler                   ********   *** removed from Debug\stm8s_it.o ***
f_AWU_IRQHandler                    ********   *** removed from Debug\stm8s_it.o ***
f_CLK_IRQHandler                    ********   *** removed from Debug\stm8s_it.o ***
f_EEPROM_EEC_IRQHandler             ********   *** removed from Debug\stm8s_it.o ***
f_EXTI_PORTA_IRQHandler             ********   *** removed from Debug\stm8s_it.o ***
f_EXTI_PORTB_IRQHandler             ********   *** removed from Debug\stm8s_it.o ***
f_EXTI_PORTC_IRQHandler             ********   *** removed from Debug\stm8s_it.o ***
f_EXTI_PORTD_IRQHandler             ********   *** removed from Debug\stm8s_it.o ***
f_EXTI_PORTE_IRQHandler             ********   *** removed from Debug\stm8s_it.o ***
f_I2C_IRQHandler                    ********   *** removed from Debug\stm8s_it.o ***
f_NonHandledInterrupt               00008662   defined in Debug\stm8_interrupt_vector.o section .text
f_SPI_IRQHandler                    ********   *** removed from Debug\stm8s_it.o ***
f_TIM1_CAP_COM_IRQHandler           ********   *** removed from Debug\stm8s_it.o ***
f_TIM1_UPD_OVF_TRG_BRK_IRQHandler   ********   *** removed from Debug\stm8s_it.o ***
f_TIM2_CAP_COM_IRQHandler           ********   *** removed from Debug\stm8s_it.o ***
f_TIM2_UPD_OVF_BRK_IRQHandler       ********   *** removed from Debug\stm8s_it.o ***
f_TIM4_UPD_OVF_IRQHandler           00008198   defined in Debug\stm8s_it.o section .text
                                               used in Debug\stm8_interrupt_vector.o
f_TLI_IRQHandler                    ********   *** removed from Debug\stm8s_it.o ***
f_TRAP_IRQHandler                   ********   *** removed from Debug\stm8s_it.o ***
f_UART1_RX_IRQHandler               ********   *** removed from Debug\stm8s_it.o ***
f_UART1_TX_IRQHandler               ********   *** removed from Debug\stm8s_it.o ***
